#-----------------------------------------------------------
# Vivado v2025.2.1 (64-bit)
# SW Build 6403652 on Thu Mar 19 19:48:24 GMT 2026
# IP Build 6403511 on Thu Mar 19 12:41:45 MDT 2026
# SharedData Build 6403650 on Thu Mar 19 14:02:13 MDT 2026
# Start of session at: Mon May 18 16:00:07 2026
# Process ID         : 124316
# Current directory  : E:/School Backup/FinalProject
# Command line       : vivado.exe -gui_launcher_event rodinguilauncherevent115388 E:\School Backup\FinalProject\FinalProject.xpr
# Log file           : E:/School Backup/FinalProject/vivado.log
# Journal file       : E:/School Backup/FinalProject\vivado.jou
# Running On         : LuisDesktop
# Platform           : Windows Server 2016 or Windows 10
# Operating System   : 26200
# Processor Detail   : 12th Gen Intel(R) Core(TM) i9-12900K
# CPU Frequency      : 3187 MHz
# CPU Physical cores : 16
# CPU Logical cores  : 24
# Host memory        : 68494 MB
# Swap memory        : 4294 MB
# Total Virtual      : 72789 MB
# Available Virtual  : 20871 MB
#-----------------------------------------------------------
start_gui
open_project {E:/School Backup/FinalProject/FinalProject.xpr}
WARNING: [Board 49-26] cannot add Board Part xilinx.com:kcu105:part0:1.6 available at C:/AMDDesignTools/2025.2.1/data/xhub/boards\XilinxBoardStore\boards\Xilinx\kcu105\1.6\board.xml as part xcku040-ffva1156-2-e specified in board_part file is either invalid or not available
WARNING: [Board 49-26] cannot add Board Part xilinx.com:kcu105:part0:1.7 available at C:/AMDDesignTools/2025.2.1/data/xhub/boards\XilinxBoardStore\boards\Xilinx\kcu105\1.7\board.xml as part xcku040-ffva1156-2-e specified in board_part file is either invalid or not available
WARNING: [Board 49-26] cannot add Board Part xilinx.com:kcu116:part0:1.4 available at C:/AMDDesignTools/2025.2.1/data/xhub/boards\XilinxBoardStore\boards\Xilinx\kcu116\1.4\board.xml as part xcku5p-ffvb676-2-e specified in board_part file is either invalid or not available
WARNING: [Board 49-26] cannot add Board Part xilinx.com:kcu116:part0:1.5 available at C:/AMDDesignTools/2025.2.1/data/xhub/boards\XilinxBoardStore\boards\Xilinx\kcu116\1.5\board.xml as part xcku5p-ffvb676-2-e specified in board_part file is either invalid or not available
WARNING: [Board 49-26] cannot add Board Part xilinx.com:scu200:part0:1.0 available at C:/AMDDesignTools/2025.2.1/data/xhub/boards\XilinxBoardStore\boards\Xilinx\scu200\1.0\board.xml as part xcsu200p-sbva1024-2-e specified in board_part file is either invalid or not available
WARNING: [Board 49-26] cannot add Board Part xilinx.com:scu35:part0:1.0 available at C:/AMDDesignTools/2025.2.1/data/xhub/boards\XilinxBoardStore\boards\Xilinx\scu35\1.0\board.xml as part xcsu35p-sbvb625-2-e specified in board_part file is either invalid or not available
WARNING: [Board 49-26] cannot add Board Part xilinx.com:vcu108:part0:1.6 available at C:/AMDDesignTools/2025.2.1/data/xhub/boards\XilinxBoardStore\boards\Xilinx\vcu108\1.6\board.xml as part xcvu095-ffva2104-2-e specified in board_part file is either invalid or not available
WARNING: [Board 49-26] cannot add Board Part xilinx.com:vcu108:part0:1.7 available at C:/AMDDesignTools/2025.2.1/data/xhub/boards\XilinxBoardStore\boards\Xilinx\vcu108\1.7\board.xml as part xcvu095-ffva2104-2-e specified in board_part file is either invalid or not available
WARNING: [Board 49-26] cannot add Board Part xilinx.com:vcu110:part0:1.4 available at C:/AMDDesignTools/2025.2.1/data/xhub/boards\XilinxBoardStore\boards\Xilinx\vcu110\1.4\board.xml as part xcvu190-flgc2104-2-e specified in board_part file is either invalid or not available
WARNING: [Board 49-26] cannot add Board Part xilinx.com:vcu129:part0:1.0 available at C:/AMDDesignTools/2025.2.1/data/xhub/boards\XilinxBoardStore\boards\Xilinx\vcu129\production\1.0\board.xml as part xcvu29p-fsga2577-2l-e specified in board_part file is either invalid or not available
WARNING: [Board 49-26] cannot add Board Part xilinx.com:vrk160:part0:1.0 available at C:/AMDDesignTools/2025.2.1/data/xhub/boards\XilinxBoardStore\boards\Xilinx\vrk160\1.0\board.xml as part xcvr1602-vsva2488-2mp-e-s-es1 specified in board_part file is either invalid or not available
WARNING: [Board 49-26] cannot add Board Part xilinx.com:vrk160:part0:1.1 available at C:/AMDDesignTools/2025.2.1/data/xhub/boards\XilinxBoardStore\boards\Xilinx\vrk160\1.1\board.xml as part xcvr1602-vsva2488-2mp-e-s-es1 specified in board_part file is either invalid or not available
WARNING: [Board 49-26] cannot add Board Part xilinx.com:vrk165_es:part0:1.0 available at C:/AMDDesignTools/2025.2.1/data/xhub/boards\XilinxBoardStore\boards\Xilinx\vrk165\es\1.0\board.xml as part xcvr1652-vsva2488-2mp-e-s-es1 specified in board_part file is either invalid or not available
WARNING: [Board 49-26] cannot add Board Part xilinx.com:zcu208ld:part0:2.0 available at C:/AMDDesignTools/2025.2.1/data/xhub/boards\XilinxBoardStore\boards\Xilinx\zcu208ld\production\2.0\board.xml as part xczu58dr-fsvg1517-2-i specified in board_part file is either invalid or not available
WARNING: [Board 49-26] cannot add Board Part xilinx.com:zcu216ld:part0:2.0 available at C:/AMDDesignTools/2025.2.1/data/xhub/boards\XilinxBoardStore\boards\Xilinx\zcu216ld\production\2.0\board.xml as part xczu59dr-ffvf1760-2-i specified in board_part file is either invalid or not available
WARNING: [Board 49-26] cannot add Board Part xilinx.com:zcu670ld:part0:1.0 available at C:/AMDDesignTools/2025.2.1/data/xhub/boards\XilinxBoardStore\boards\Xilinx\zcu670ld\1.0\board.xml as part xczu57dr-fsve1156-2-i specified in board_part file is either invalid or not available
INFO: [Project 1-313] Project file moved from 'C:/HDL/FinalProject' since last save.
INFO: [filemgmt 56-3] Default IP Output Path : Could not find the directory 'E:/School Backup/FinalProject/FinalProject.gen/sources_1'.
Scanning sources...
Finished scanning sources
WARNING: [Board 49-26] cannot add Board Part xilinx.com:kcu105:part0:1.6 available at C:/AMDDesignTools/2025.2.1/data/xhub/boards\XilinxBoardStore\boards\Xilinx\kcu105\1.6\board.xml as part xcku040-ffva1156-2-e specified in board_part file is either invalid or not available
WARNING: [Board 49-26] cannot add Board Part xilinx.com:kcu105:part0:1.7 available at C:/AMDDesignTools/2025.2.1/data/xhub/boards\XilinxBoardStore\boards\Xilinx\kcu105\1.7\board.xml as part xcku040-ffva1156-2-e specified in board_part file is either invalid or not available
WARNING: [Board 49-26] cannot add Board Part xilinx.com:kcu116:part0:1.4 available at C:/AMDDesignTools/2025.2.1/data/xhub/boards\XilinxBoardStore\boards\Xilinx\kcu116\1.4\board.xml as part xcku5p-ffvb676-2-e specified in board_part file is either invalid or not available
WARNING: [Board 49-26] cannot add Board Part xilinx.com:kcu116:part0:1.5 available at C:/AMDDesignTools/2025.2.1/data/xhub/boards\XilinxBoardStore\boards\Xilinx\kcu116\1.5\board.xml as part xcku5p-ffvb676-2-e specified in board_part file is either invalid or not available
WARNING: [Board 49-26] cannot add Board Part xilinx.com:scu200:part0:1.0 available at C:/AMDDesignTools/2025.2.1/data/xhub/boards\XilinxBoardStore\boards\Xilinx\scu200\1.0\board.xml as part xcsu200p-sbva1024-2-e specified in board_part file is either invalid or not available
WARNING: [Board 49-26] cannot add Board Part xilinx.com:scu35:part0:1.0 available at C:/AMDDesignTools/2025.2.1/data/xhub/boards\XilinxBoardStore\boards\Xilinx\scu35\1.0\board.xml as part xcsu35p-sbvb625-2-e specified in board_part file is either invalid or not available
WARNING: [Board 49-26] cannot add Board Part xilinx.com:vcu108:part0:1.6 available at C:/AMDDesignTools/2025.2.1/data/xhub/boards\XilinxBoardStore\boards\Xilinx\vcu108\1.6\board.xml as part xcvu095-ffva2104-2-e specified in board_part file is either invalid or not available
WARNING: [Board 49-26] cannot add Board Part xilinx.com:vcu108:part0:1.7 available at C:/AMDDesignTools/2025.2.1/data/xhub/boards\XilinxBoardStore\boards\Xilinx\vcu108\1.7\board.xml as part xcvu095-ffva2104-2-e specified in board_part file is either invalid or not available
WARNING: [Board 49-26] cannot add Board Part xilinx.com:vcu110:part0:1.4 available at C:/AMDDesignTools/2025.2.1/data/xhub/boards\XilinxBoardStore\boards\Xilinx\vcu110\1.4\board.xml as part xcvu190-flgc2104-2-e specified in board_part file is either invalid or not available
WARNING: [Board 49-26] cannot add Board Part xilinx.com:vcu129:part0:1.0 available at C:/AMDDesignTools/2025.2.1/data/xhub/boards\XilinxBoardStore\boards\Xilinx\vcu129\production\1.0\board.xml as part xcvu29p-fsga2577-2l-e specified in board_part file is either invalid or not available
WARNING: [Board 49-26] cannot add Board Part xilinx.com:vrk160:part0:1.0 available at C:/AMDDesignTools/2025.2.1/data/xhub/boards\XilinxBoardStore\boards\Xilinx\vrk160\1.0\board.xml as part xcvr1602-vsva2488-2mp-e-s-es1 specified in board_part file is either invalid or not available
WARNING: [Board 49-26] cannot add Board Part xilinx.com:vrk160:part0:1.1 available at C:/AMDDesignTools/2025.2.1/data/xhub/boards\XilinxBoardStore\boards\Xilinx\vrk160\1.1\board.xml as part xcvr1602-vsva2488-2mp-e-s-es1 specified in board_part file is either invalid or not available
WARNING: [Board 49-26] cannot add Board Part xilinx.com:vrk165_es:part0:1.0 available at C:/AMDDesignTools/2025.2.1/data/xhub/boards\XilinxBoardStore\boards\Xilinx\vrk165\es\1.0\board.xml as part xcvr1652-vsva2488-2mp-e-s-es1 specified in board_part file is either invalid or not available
WARNING: [Board 49-26] cannot add Board Part xilinx.com:zcu208ld:part0:2.0 available at C:/AMDDesignTools/2025.2.1/data/xhub/boards\XilinxBoardStore\boards\Xilinx\zcu208ld\production\2.0\board.xml as part xczu58dr-fsvg1517-2-i specified in board_part file is either invalid or not available
WARNING: [Board 49-26] cannot add Board Part xilinx.com:zcu216ld:part0:2.0 available at C:/AMDDesignTools/2025.2.1/data/xhub/boards\XilinxBoardStore\boards\Xilinx\zcu216ld\production\2.0\board.xml as part xczu59dr-ffvf1760-2-i specified in board_part file is either invalid or not available
WARNING: [Board 49-26] cannot add Board Part xilinx.com:zcu670ld:part0:1.0 available at C:/AMDDesignTools/2025.2.1/data/xhub/boards\XilinxBoardStore\boards\Xilinx\zcu670ld\1.0\board.xml as part xczu57dr-fsve1156-2-i specified in board_part file is either invalid or not available
WARNING: [Project 1-5713] Board part '' set for the project  is not found. BoardPart property will be unset. Please select board from latest repo build 
INFO: [Project 1-230] Project 'FinalProject.xpr' upgraded for this version of Vivado.
INFO: [IP_Flow 19-234] Refreshing IP repositories
INFO: [IP_Flow 19-1704] No user IP repositories specified
INFO: [IP_Flow 19-2313] Loaded Vivado IP repository 'C:/AMDDesignTools/2025.2.1/Vivado/data/ip'.
update_compile_order -fileset sources_1
launch_simulation
Command: launch_simulation 
INFO: [Vivado 12-25911] Executing simulation for 'XSim' simulator
INFO: [Vivado 12-28535] Process started - Mon May 18 16:03:57 2026

INFO: [Vivado 12-12493] Simulation top is 'top'
INFO: [Vivado 12-5682] Launching behavioral simulation in 'E:/School Backup/FinalProject/FinalProject.sim/sim_1/behav/xsim'
INFO: [SIM-utils-51] Simulation object is 'sim_1'
INFO: [SIM-utils-72] Using boost library from 'C:/AMDDesignTools/2025.2.1/Vivado/tps/boost_1_72_0'
INFO: [SIM-utils-54] Inspecting design source files for 'top' in fileset 'sim_1'...
INFO: [USF-XSim-97] Finding global include files...
INFO: [USF-XSim-98] Fetching design files from 'sim_1'...
INFO: [USF-XSim-2] XSim::Compile design
INFO: [USF-XSim-61] Executing 'COMPILE and ANALYZE' step in 'E:/School Backup/FinalProject/FinalProject.sim/sim_1/behav/xsim'
"xvlog --incr --relax -L uvm -prj top_vlog.prj"
INFO: [VRFC 10-2263] Analyzing SystemVerilog file "E:/School Backup/FinalProject/FinalProject.srcs/sources_1/new/Execution.sv" into library xil_defaultlib
INFO: [VRFC 10-311] analyzing module Execution
ERROR: [VRFC 10-2989] 'InstrMemEn' is not declared [E:/School Backup/FinalProject/FinalProject.srcs/sources_1/new/Execution.sv:52]
ERROR: [VRFC 10-2989] 'AluEn' is not declared [E:/School Backup/FinalProject/FinalProject.srcs/sources_1/new/Execution.sv:192]
ERROR: [VRFC 10-2989] 'AluStatusIn' is not declared [E:/School Backup/FinalProject/FinalProject.srcs/sources_1/new/Execution.sv:193]
ERROR: [VRFC 10-2989] 'IntAlu' is not declared [E:/School Backup/FinalProject/FinalProject.srcs/sources_1/new/Execution.sv:197]
ERROR: [VRFC 10-2989] 'AluStatusIn' is not declared [E:/School Backup/FinalProject/FinalProject.srcs/sources_1/new/Execution.sv:198]
ERROR: [VRFC 10-2989] 'ALU_Source1' is not declared [E:/School Backup/FinalProject/FinalProject.srcs/sources_1/new/Execution.sv:205]
ERROR: [VRFC 10-2989] 'ALU_Source2' is not declared [E:/School Backup/FinalProject/FinalProject.srcs/sources_1/new/Execution.sv:209]
ERROR: [VRFC 10-2989] 'ExecuteEn' is not declared [E:/School Backup/FinalProject/FinalProject.srcs/sources_1/new/Execution.sv:229]
ERROR: [VRFC 10-2989] 'ALU_Result' is not declared [E:/School Backup/FinalProject/FinalProject.srcs/sources_1/new/Execution.sv:230]
ERROR: [VRFC 10-8530] module 'Execution' is ignored due to previous errors [E:/School Backup/FinalProject/FinalProject.srcs/sources_1/new/Execution.sv:3]
INFO: [USF-XSim-69] 'compile' step finished in '2' seconds
INFO: [USF-XSim-99] Step results log file:'E:/School Backup/FinalProject/FinalProject.sim/sim_1/behav/xsim/xvlog.log'
ERROR: [USF-XSim-62] 'compile' step failed with error(s). Please check the Tcl console output or 'E:/School Backup/FinalProject/FinalProject.sim/sim_1/behav/xsim/xvlog.log' file for more information.
ERROR: [Vivado 12-4473] Detected error while running simulation. Please correct the issue and retry this operation.
ERROR: [Common 17-39] 'launch_simulation' failed due to earlier errors.
launch_simulation
Command: launch_simulation 
INFO: [Vivado 12-25911] Executing simulation for 'XSim' simulator
INFO: [Vivado 12-28535] Process started - Mon May 18 16:05:01 2026

INFO: [Vivado 12-12493] Simulation top is 'top'
INFO: [Vivado 12-5682] Launching behavioral simulation in 'E:/School Backup/FinalProject/FinalProject.sim/sim_1/behav/xsim'
INFO: [SIM-utils-51] Simulation object is 'sim_1'
INFO: [SIM-utils-72] Using boost library from 'C:/AMDDesignTools/2025.2.1/Vivado/tps/boost_1_72_0'
INFO: [SIM-utils-54] Inspecting design source files for 'top' in fileset 'sim_1'...
INFO: [USF-XSim-97] Finding global include files...
INFO: [USF-XSim-98] Fetching design files from 'sim_1'...
INFO: [USF-XSim-2] XSim::Compile design
INFO: [USF-XSim-61] Executing 'COMPILE and ANALYZE' step in 'E:/School Backup/FinalProject/FinalProject.sim/sim_1/behav/xsim'
"xvlog --incr --relax -L uvm -prj top_vlog.prj"
INFO: [VRFC 10-2263] Analyzing SystemVerilog file "E:/School Backup/FinalProject/FinalProject.srcs/sources_1/new/Execution.sv" into library xil_defaultlib
INFO: [VRFC 10-311] analyzing module Execution
ERROR: [VRFC 10-2989] 'InstrMemEn' is not declared [E:/School Backup/FinalProject/FinalProject.srcs/sources_1/new/Execution.sv:52]
ERROR: [VRFC 10-2989] 'AluEn' is not declared [E:/School Backup/FinalProject/FinalProject.srcs/sources_1/new/Execution.sv:192]
ERROR: [VRFC 10-2989] 'AluStatusIn' is not declared [E:/School Backup/FinalProject/FinalProject.srcs/sources_1/new/Execution.sv:193]
ERROR: [VRFC 10-2989] 'IntAlu' is not declared [E:/School Backup/FinalProject/FinalProject.srcs/sources_1/new/Execution.sv:197]
ERROR: [VRFC 10-2989] 'AluStatusIn' is not declared [E:/School Backup/FinalProject/FinalProject.srcs/sources_1/new/Execution.sv:198]
ERROR: [VRFC 10-2989] 'ALU_Source1' is not declared [E:/School Backup/FinalProject/FinalProject.srcs/sources_1/new/Execution.sv:205]
ERROR: [VRFC 10-2989] 'ALU_Source2' is not declared [E:/School Backup/FinalProject/FinalProject.srcs/sources_1/new/Execution.sv:209]
ERROR: [VRFC 10-2989] 'ExecuteEn' is not declared [E:/School Backup/FinalProject/FinalProject.srcs/sources_1/new/Execution.sv:229]
ERROR: [VRFC 10-2989] 'ALU_Result' is not declared [E:/School Backup/FinalProject/FinalProject.srcs/sources_1/new/Execution.sv:230]
ERROR: [VRFC 10-8530] module 'Execution' is ignored due to previous errors [E:/School Backup/FinalProject/FinalProject.srcs/sources_1/new/Execution.sv:3]
INFO: [USF-XSim-69] 'compile' step finished in '1' seconds
INFO: [USF-XSim-99] Step results log file:'E:/School Backup/FinalProject/FinalProject.sim/sim_1/behav/xsim/xvlog.log'
ERROR: [USF-XSim-62] 'compile' step failed with error(s). Please check the Tcl console output or 'E:/School Backup/FinalProject/FinalProject.sim/sim_1/behav/xsim/xvlog.log' file for more information.
ERROR: [Vivado 12-4473] Detected error while running simulation. Please correct the issue and retry this operation.
ERROR: [Common 17-39] 'launch_simulation' failed due to earlier errors.
launch_simulation
Command: launch_simulation 
INFO: [Vivado 12-25911] Executing simulation for 'XSim' simulator
INFO: [Vivado 12-28535] Process started - Mon May 18 16:07:03 2026

INFO: [Vivado 12-12493] Simulation top is 'top'
INFO: [Vivado 12-5682] Launching behavioral simulation in 'E:/School Backup/FinalProject/FinalProject.sim/sim_1/behav/xsim'
INFO: [SIM-utils-51] Simulation object is 'sim_1'
INFO: [SIM-utils-72] Using boost library from 'C:/AMDDesignTools/2025.2.1/Vivado/tps/boost_1_72_0'
INFO: [SIM-utils-54] Inspecting design source files for 'top' in fileset 'sim_1'...
INFO: [USF-XSim-97] Finding global include files...
INFO: [USF-XSim-98] Fetching design files from 'sim_1'...
INFO: [USF-XSim-2] XSim::Compile design
INFO: [USF-XSim-61] Executing 'COMPILE and ANALYZE' step in 'E:/School Backup/FinalProject/FinalProject.sim/sim_1/behav/xsim'
"xvlog --incr --relax -L uvm -prj top_vlog.prj"
INFO: [VRFC 10-2263] Analyzing SystemVerilog file "E:/School Backup/FinalProject/FinalProject.srcs/sources_1/new/Execution.sv" into library xil_defaultlib
INFO: [VRFC 10-311] analyzing module Execution
INFO: [VRFC 10-2263] Analyzing SystemVerilog file "E:/School Backup/FinalProject/FinalProject.srcs/sources_1/new/InstructionMemory.sv" into library xil_defaultlib
INFO: [VRFC 10-311] analyzing module InstructionMemory
INFO: [VRFC 10-2263] Analyzing SystemVerilog file "E:/School Backup/FinalProject/FinalProject.srcs/sources_1/new/Integer_alu.sv" into library xil_defaultlib
INFO: [VRFC 10-311] analyzing module Integer_alu
INFO: [VRFC 10-2263] Analyzing SystemVerilog file "E:/School Backup/FinalProject/FinalProject.srcs/sources_1/new/MainMemory.sv" into library xil_defaultlib
INFO: [VRFC 10-311] analyzing module MainMemory
INFO: [VRFC 10-2263] Analyzing SystemVerilog file "E:/School Backup/FinalProject/FinalProject.srcs/sources_1/new/Matrix_alu.sv" into library xil_defaultlib
INFO: [VRFC 10-311] analyzing module Matrix_alu
INFO: [VRFC 10-2263] Analyzing SystemVerilog file "E:/School Backup/FinalProject/FinalProject.srcs/sources_1/new/TestMem.sv" into library xil_defaultlib
INFO: [VRFC 10-311] analyzing module TestMem
INFO: [VRFC 10-2263] Analyzing SystemVerilog file "E:/School Backup/FinalProject/FinalProject.srcs/sources_1/new/Top.sv" into library xil_defaultlib
INFO: [VRFC 10-311] analyzing module top
INFO: [VRFC 10-2263] Analyzing Verilog file "E:/School Backup/FinalProject/FinalProject.sim/sim_1/behav/xsim/glbl.v" into library xil_defaultlib
INFO: [VRFC 10-311] analyzing module glbl
INFO: [USF-XSim-69] 'compile' step finished in '1' seconds
INFO: [USF-XSim-3] XSim::Elaborate design
INFO: [USF-XSim-61] Executing 'ELABORATE' step in 'E:/School Backup/FinalProject/FinalProject.sim/sim_1/behav/xsim'
"xelab --incr --debug typical --relax --mt 2 -L xil_defaultlib -L uvm -L unisims_ver -L unimacro_ver -L secureip --snapshot top_behav xil_defaultlib.top xil_defaultlib.glbl -log elaborate.log"
Vivado Simulator v2025.2.1
Copyright 1986-2022 Xilinx, Inc. All Rights Reserved.
Copyright 2022-2025 Advanced Micro Devices, Inc. All Rights Reserved.
Running: C:/AMDDesignTools/2025.2.1/Vivado/bin/unwrapped/win64.o/xelab.exe --incr --debug typical --relax --mt 2 -L xil_defaultlib -L uvm -L unisims_ver -L unimacro_ver -L secureip --snapshot top_behav xil_defaultlib.top xil_defaultlib.glbl -log elaborate.log 
Using 2 slave threads.
Starting static elaboration
Pass Through NonSizing Optimizer
WARNING: [VRFC 10-3091] actual bit length 256 differs from formal bit length 32 for port 'Dataout' [E:/School Backup/FinalProject/FinalProject.srcs/sources_1/new/Top.sv:49]
WARNING: [VRFC 10-3091] actual bit length 16 differs from formal bit length 32 for port 'address' [E:/School Backup/FinalProject/FinalProject.srcs/sources_1/new/Top.sv:53]
WARNING: [VRFC 10-3091] actual bit length 16 differs from formal bit length 32 for port 'address' [E:/School Backup/FinalProject/FinalProject.srcs/sources_1/new/Top.sv:55]
WARNING: [VRFC 10-3091] actual bit length 16 differs from formal bit length 32 for port 'address' [E:/School Backup/FinalProject/FinalProject.srcs/sources_1/new/Top.sv:57]
WARNING: [VRFC 10-3823] variable 'Done' might have multiple concurrent drivers [E:/School Backup/FinalProject/FinalProject.srcs/sources_1/new/Top.sv:57]
Completed static elaboration
Starting simulation data flow analysis
WARNING: [XSIM 43-4099] "E:/School Backup/FinalProject/FinalProject.srcs/sources_1/new/Top.sv" Line 41. Module top doesn't have a timescale but at least one module in design has a timescale.
WARNING: [XSIM 43-4099] "E:/School Backup/FinalProject/FinalProject.srcs/sources_1/new/InstructionMemory.sv" Line 99. Module InstructionMemory doesn't have a timescale but at least one module in design has a timescale.
WARNING: [XSIM 43-4099] "E:/School Backup/FinalProject/FinalProject.srcs/sources_1/new/MainMemory.sv" Line 60. Module MainMemory doesn't have a timescale but at least one module in design has a timescale.
WARNING: [XSIM 43-4099] "E:/School Backup/FinalProject/FinalProject.srcs/sources_1/new/Execution.sv" Line 3. Module Execution doesn't have a timescale but at least one module in design has a timescale.
WARNING: [XSIM 43-4099] "E:/School Backup/FinalProject/FinalProject.srcs/sources_1/new/Matrix_alu.sv" Line 4. Module Matrix_alu doesn't have a timescale but at least one module in design has a timescale.
WARNING: [XSIM 43-4099] "E:/School Backup/FinalProject/FinalProject.srcs/sources_1/new/Integer_alu.sv" Line 4. Module Integer_alu doesn't have a timescale but at least one module in design has a timescale.
WARNING: [XSIM 43-4099] "E:/School Backup/FinalProject/FinalProject.srcs/sources_1/new/TestMem.sv" Line 3. Module TestMem doesn't have a timescale but at least one module in design has a timescale.
Completed simulation data flow analysis
Time Resolution for simulation is 1ps
Compiling module xil_defaultlib.InstructionMemory
Compiling module xil_defaultlib.MainMemory
Compiling module xil_defaultlib.Execution
Compiling module xil_defaultlib.Matrix_alu
Compiling module xil_defaultlib.Integer_alu
Compiling module xil_defaultlib.TestMem
Compiling module xil_defaultlib.top
Compiling module xil_defaultlib.glbl
Built simulation snapshot top_behav
INFO: [USF-XSim-69] 'elaborate' step finished in '3' seconds
INFO: [USF-XSim-4] XSim::Simulate design
INFO: [USF-XSim-61] Executing 'SIMULATE' step in 'E:/School Backup/FinalProject/FinalProject.sim/sim_1/behav/xsim'
INFO: [USF-XSim-98] *** Running xsim
   with args "top_behav -key {Behavioral:sim_1:Functional:top} -tclbatch {top.tcl} -view {{E:/School Backup/FinalProject/top_behav.wcfg}} -log {simulate.log}"
INFO: [USF-XSim-8] Loading simulator feature
Time resolution is 1 ps
open_wave_config {E:/School Backup/FinalProject/top_behav.wcfg}
source top.tcl
# set curr_wave [current_wave_config]
# if { [string length $curr_wave] == 0 } {
#   if { [llength [get_objects]] > 0} {
#     add_wave /
#     set_property needs_save false [current_wave_config]
#   } else {
#      send_msg_id Add_Wave-1 WARNING "No top level signals found. Simulator will start without a wave window. If you want to open a wave window go to 'File->New Waveform Configuration' or type 'create_wave_config' in the TCL console."
#   }
# }
# run 1000ns
INFO: [USF-XSim-96] XSim completed. Design snapshot 'top_behav' loaded.
INFO: [USF-XSim-97] XSim simulation ran for 1000ns
launch_simulation: Time (s): cpu = 00:00:05 ; elapsed = 00:00:08 . Memory (MB): peak = 1856.297 ; gain = 0.000
run 10 us
memory location 0 = 000900060008000d0008000300050009000b000900100007000c0005000e0006
memory location 1 = 0007000500070009000c0008000e000700100009000f0008000c000700090006
memory location 2 = 0010000b000f00160014000b00130010001b0012001f000f0018000c0017000c
memory location 3 = 003f002a0038005b003800150023003f004d003f00700031005400230062002a
memory location 4 = 003600240030004e00300012001e0036004200360060002a0048001e00540024
memory location 5 = 00100014001b0018000b000b0012000c000f0013001f001700160010000f000c
memory location 6 = 0e700e34129c0eb80a2c0a200d200a920fae113a18d810500dce0f6615fc1164
memory location 7 = 0000000000000000000000000000000000000000000000000000000000000000
memory location 8 = 0000000000000000000000000000000000000000000000000000000000000000
memory location 9 = 0000000000000000000000000000000000000000000000000000000000000000
memory location 10 = 0508051f04b90504040b0450038303bb02e002b701f90191011f00c6008a0024
memory location 11 = 000000000000000000000000000000000000000000000000000000000000000c
memory location 12 = 0000000000000000000000000000000000000000000000000000000000000001
memory location 13 = 0000000000000000000000000000000000000000000000000000000000000000
Imternal Reg location 0 = 0508051f04b90504040b0450038303bb02e002b701f90191011f00c6008a0024
Internal reg location 1 = 0508051f04b90504040b0450038303bb02e002b701f90191011f00c6008a0024
Internal reg location 2 = 0000000000000000000000000000000000000000000000000000000000000001
Internal reg location 3 = 0000000000000000000000000000000000000000000000000000000000000000
memory location 0 is Correct
memory location 1 is Correct
memory location 2 is Correct
memory location 3 is Correct
memory location 4 is Correct
memory location 5 is Correct
memory location 6 is Wrong
memory location 7 is Correct
memory location 8 is Correct
memory location 9 is Correct
memory location 10 is Correct
memory location 11 is Correct
memory location 12 is Wrong
Internal Register 0 is Wrong
Internal Register 1 is Wrong
Internal Register 2 is Wrong
********************************************
 Project did not return the proper values
********************************************
close_sim
INFO: [Simtcl 6-16] Simulation closed
launch_simulation
Command: launch_simulation 
INFO: [Vivado 12-25911] Executing simulation for 'XSim' simulator
INFO: [Vivado 12-28535] Process started - Mon May 18 16:07:57 2026

INFO: [Vivado 12-12493] Simulation top is 'top'
INFO: [Vivado 12-5682] Launching behavioral simulation in 'E:/School Backup/FinalProject/FinalProject.sim/sim_1/behav/xsim'
INFO: [SIM-utils-51] Simulation object is 'sim_1'
INFO: [SIM-utils-72] Using boost library from 'C:/AMDDesignTools/2025.2.1/Vivado/tps/boost_1_72_0'
INFO: [SIM-utils-54] Inspecting design source files for 'top' in fileset 'sim_1'...
INFO: [USF-XSim-97] Finding global include files...
INFO: [USF-XSim-98] Fetching design files from 'sim_1'...
INFO: [USF-XSim-2] XSim::Compile design
INFO: [USF-XSim-61] Executing 'COMPILE and ANALYZE' step in 'E:/School Backup/FinalProject/FinalProject.sim/sim_1/behav/xsim'
"xvlog --incr --relax -L uvm -prj top_vlog.prj"
INFO: [VRFC 10-2263] Analyzing SystemVerilog file "E:/School Backup/FinalProject/FinalProject.srcs/sources_1/new/Execution.sv" into library xil_defaultlib
INFO: [VRFC 10-311] analyzing module Execution
INFO: [VRFC 10-2263] Analyzing SystemVerilog file "E:/School Backup/FinalProject/FinalProject.srcs/sources_1/new/InstructionMemory.sv" into library xil_defaultlib
INFO: [VRFC 10-311] analyzing module InstructionMemory
INFO: [VRFC 10-2263] Analyzing SystemVerilog file "E:/School Backup/FinalProject/FinalProject.srcs/sources_1/new/Integer_alu.sv" into library xil_defaultlib
INFO: [VRFC 10-311] analyzing module Integer_alu
INFO: [VRFC 10-2263] Analyzing SystemVerilog file "E:/School Backup/FinalProject/FinalProject.srcs/sources_1/new/MainMemory.sv" into library xil_defaultlib
INFO: [VRFC 10-311] analyzing module MainMemory
INFO: [VRFC 10-2263] Analyzing SystemVerilog file "E:/School Backup/FinalProject/FinalProject.srcs/sources_1/new/Matrix_alu.sv" into library xil_defaultlib
INFO: [VRFC 10-311] analyzing module Matrix_alu
INFO: [VRFC 10-2263] Analyzing SystemVerilog file "E:/School Backup/FinalProject/FinalProject.srcs/sources_1/new/TestMem.sv" into library xil_defaultlib
INFO: [VRFC 10-311] analyzing module TestMem
INFO: [VRFC 10-2263] Analyzing SystemVerilog file "E:/School Backup/FinalProject/FinalProject.srcs/sources_1/new/Top.sv" into library xil_defaultlib
INFO: [VRFC 10-311] analyzing module top
INFO: [USF-XSim-69] 'compile' step finished in '1' seconds
INFO: [USF-XSim-3] XSim::Elaborate design
INFO: [USF-XSim-61] Executing 'ELABORATE' step in 'E:/School Backup/FinalProject/FinalProject.sim/sim_1/behav/xsim'
"xelab --incr --debug typical --relax --mt 2 -L xil_defaultlib -L uvm -L unisims_ver -L unimacro_ver -L secureip --snapshot top_behav xil_defaultlib.top xil_defaultlib.glbl -log elaborate.log"
Vivado Simulator v2025.2.1
Copyright 1986-2022 Xilinx, Inc. All Rights Reserved.
Copyright 2022-2025 Advanced Micro Devices, Inc. All Rights Reserved.
Running: C:/AMDDesignTools/2025.2.1/Vivado/bin/unwrapped/win64.o/xelab.exe --incr --debug typical --relax --mt 2 -L xil_defaultlib -L uvm -L unisims_ver -L unimacro_ver -L secureip --snapshot top_behav xil_defaultlib.top xil_defaultlib.glbl -log elaborate.log 
Using 2 slave threads.
Starting static elaboration
Pass Through NonSizing Optimizer
WARNING: [VRFC 10-3091] actual bit length 256 differs from formal bit length 32 for port 'Dataout' [E:/School Backup/FinalProject/FinalProject.srcs/sources_1/new/Top.sv:49]
WARNING: [VRFC 10-3091] actual bit length 1 differs from formal bit length 32 for port 'address' [E:/School Backup/FinalProject/FinalProject.srcs/sources_1/new/Top.sv:53]
WARNING: [VRFC 10-3091] actual bit length 16 differs from formal bit length 32 for port 'address' [E:/School Backup/FinalProject/FinalProject.srcs/sources_1/new/Top.sv:55]
WARNING: [VRFC 10-3091] actual bit length 16 differs from formal bit length 32 for port 'address' [E:/School Backup/FinalProject/FinalProject.srcs/sources_1/new/Top.sv:57]
ERROR: [VRFC 10-8616] 'Execution' requires 6 arguments [E:/School Backup/FinalProject/FinalProject.srcs/sources_1/new/Top.sv:53]
WARNING: [VRFC 10-3823] variable 'Done' might have multiple concurrent drivers [E:/School Backup/FinalProject/FinalProject.srcs/sources_1/new/Top.sv:55]
WARNING: [VRFC 10-3823] variable 'Done' might have multiple concurrent drivers [E:/School Backup/FinalProject/FinalProject.srcs/sources_1/new/Top.sv:57]
ERROR: [XSIM 43-3322] Static elaboration of top level Verilog design unit(s) in library work failed.
INFO: [USF-XSim-69] 'elaborate' step finished in '1' seconds
INFO: [USF-XSim-99] Step results log file:'E:/School Backup/FinalProject/FinalProject.sim/sim_1/behav/xsim/elaborate.log'
ERROR: [USF-XSim-62] 'elaborate' step failed with error(s). Please check the Tcl console output or 'E:/School Backup/FinalProject/FinalProject.sim/sim_1/behav/xsim/elaborate.log' file for more information.
ERROR: [Vivado 12-4473] Detected error while running simulation. Please correct the issue and retry this operation.
ERROR: [Common 17-39] 'launch_simulation' failed due to earlier errors.
launch_simulation
Command: launch_simulation 
INFO: [Vivado 12-25911] Executing simulation for 'XSim' simulator
INFO: [Vivado 12-28535] Process started - Mon May 18 16:08:14 2026

INFO: [Vivado 12-12493] Simulation top is 'top'
INFO: [Vivado 12-5682] Launching behavioral simulation in 'E:/School Backup/FinalProject/FinalProject.sim/sim_1/behav/xsim'
INFO: [SIM-utils-51] Simulation object is 'sim_1'
INFO: [SIM-utils-72] Using boost library from 'C:/AMDDesignTools/2025.2.1/Vivado/tps/boost_1_72_0'
INFO: [SIM-utils-54] Inspecting design source files for 'top' in fileset 'sim_1'...
INFO: [USF-XSim-97] Finding global include files...
INFO: [USF-XSim-98] Fetching design files from 'sim_1'...
INFO: [USF-XSim-2] XSim::Compile design
INFO: [USF-XSim-61] Executing 'COMPILE and ANALYZE' step in 'E:/School Backup/FinalProject/FinalProject.sim/sim_1/behav/xsim'
"xvlog --incr --relax -L uvm -prj top_vlog.prj"
INFO: [USF-XSim-69] 'compile' step finished in '1' seconds
INFO: [USF-XSim-3] XSim::Elaborate design
INFO: [USF-XSim-61] Executing 'ELABORATE' step in 'E:/School Backup/FinalProject/FinalProject.sim/sim_1/behav/xsim'
"xelab --incr --debug typical --relax --mt 2 -L xil_defaultlib -L uvm -L unisims_ver -L unimacro_ver -L secureip --snapshot top_behav xil_defaultlib.top xil_defaultlib.glbl -log elaborate.log"
Vivado Simulator v2025.2.1
Copyright 1986-2022 Xilinx, Inc. All Rights Reserved.
Copyright 2022-2025 Advanced Micro Devices, Inc. All Rights Reserved.
Running: C:/AMDDesignTools/2025.2.1/Vivado/bin/unwrapped/win64.o/xelab.exe --incr --debug typical --relax --mt 2 -L xil_defaultlib -L uvm -L unisims_ver -L unimacro_ver -L secureip --snapshot top_behav xil_defaultlib.top xil_defaultlib.glbl -log elaborate.log 
Using 2 slave threads.
Starting static elaboration
Pass Through NonSizing Optimizer
WARNING: [VRFC 10-3091] actual bit length 256 differs from formal bit length 32 for port 'Dataout' [E:/School Backup/FinalProject/FinalProject.srcs/sources_1/new/Top.sv:49]
WARNING: [VRFC 10-3091] actual bit length 1 differs from formal bit length 32 for port 'address' [E:/School Backup/FinalProject/FinalProject.srcs/sources_1/new/Top.sv:53]
WARNING: [VRFC 10-3091] actual bit length 16 differs from formal bit length 32 for port 'address' [E:/School Backup/FinalProject/FinalProject.srcs/sources_1/new/Top.sv:55]
WARNING: [VRFC 10-3091] actual bit length 16 differs from formal bit length 32 for port 'address' [E:/School Backup/FinalProject/FinalProject.srcs/sources_1/new/Top.sv:57]
ERROR: [VRFC 10-8616] 'Execution' requires 6 arguments [E:/School Backup/FinalProject/FinalProject.srcs/sources_1/new/Top.sv:53]
WARNING: [VRFC 10-3823] variable 'Done' might have multiple concurrent drivers [E:/School Backup/FinalProject/FinalProject.srcs/sources_1/new/Top.sv:55]
WARNING: [VRFC 10-3823] variable 'Done' might have multiple concurrent drivers [E:/School Backup/FinalProject/FinalProject.srcs/sources_1/new/Top.sv:57]
ERROR: [XSIM 43-3322] Static elaboration of top level Verilog design unit(s) in library work failed.
INFO: [USF-XSim-69] 'elaborate' step finished in '1' seconds
INFO: [USF-XSim-99] Step results log file:'E:/School Backup/FinalProject/FinalProject.sim/sim_1/behav/xsim/elaborate.log'
ERROR: [USF-XSim-62] 'elaborate' step failed with error(s). Please check the Tcl console output or 'E:/School Backup/FinalProject/FinalProject.sim/sim_1/behav/xsim/elaborate.log' file for more information.
ERROR: [Vivado 12-4473] Detected error while running simulation. Please correct the issue and retry this operation.
ERROR: [Common 17-39] 'launch_simulation' failed due to earlier errors.
WARNING: [filemgmt 56-199] Attempt to get parsing info during refresh. "On-the-fly" syntax checking information may be incorrect. [E:\School Backup\FinalProject\FinalProject.srcs\sources_1\new\Execution.sv:]
WARNING: [filemgmt 56-199] Attempt to get parsing info during refresh. "On-the-fly" syntax checking information may be incorrect. [E:\School Backup\FinalProject\FinalProject.srcs\sources_1\new\Top.sv:]
WARNING: [filemgmt 56-199] Attempt to get parsing info during refresh. "On-the-fly" syntax checking information may be incorrect. [E:\School Backup\FinalProject\FinalProject.srcs\sources_1\new\params.vh:]
WARNING: [filemgmt 56-199] Attempt to get parsing info during refresh. "On-the-fly" syntax checking information may be incorrect. [E:\School Backup\FinalProject\FinalProject.srcs\sources_1\new\Top.sv:]
WARNING: [filemgmt 56-199] Attempt to get parsing info during refresh. "On-the-fly" syntax checking information may be incorrect. [E:\School Backup\FinalProject\FinalProject.srcs\sources_1\new\Top.sv:]
WARNING: [filemgmt 56-199] Attempt to get parsing info during refresh. "On-the-fly" syntax checking information may be incorrect. [E:\School Backup\FinalProject\FinalProject.srcs\sources_1\new\Execution.sv:]
WARNING: [filemgmt 56-199] Attempt to get parsing info during refresh. "On-the-fly" syntax checking information may be incorrect. [E:\School Backup\FinalProject\FinalProject.srcs\sources_1\new\Top.sv:]
WARNING: [filemgmt 56-199] Attempt to get parsing info during refresh. "On-the-fly" syntax checking information may be incorrect. [E:\School Backup\FinalProject\FinalProject.srcs\sources_1\new\params.vh:]
WARNING: [filemgmt 56-199] Attempt to get parsing info during refresh. "On-the-fly" syntax checking information may be incorrect. [E:\School Backup\FinalProject\FinalProject.srcs\sources_1\new\Execution.sv:]
WARNING: [filemgmt 56-199] Attempt to get parsing info during refresh. "On-the-fly" syntax checking information may be incorrect. [E:\School Backup\FinalProject\FinalProject.srcs\sources_1\new\Execution.sv:]
launch_simulation
Command: launch_simulation 
INFO: [Vivado 12-25911] Executing simulation for 'XSim' simulator
INFO: [Vivado 12-28535] Process started - Mon May 18 16:08:41 2026

INFO: [Vivado 12-12493] Simulation top is 'top'
INFO: [Vivado 12-5682] Launching behavioral simulation in 'E:/School Backup/FinalProject/FinalProject.sim/sim_1/behav/xsim'
INFO: [SIM-utils-51] Simulation object is 'sim_1'
INFO: [SIM-utils-72] Using boost library from 'C:/AMDDesignTools/2025.2.1/Vivado/tps/boost_1_72_0'
INFO: [SIM-utils-54] Inspecting design source files for 'top' in fileset 'sim_1'...
INFO: [USF-XSim-97] Finding global include files...
INFO: [USF-XSim-98] Fetching design files from 'sim_1'...
INFO: [USF-XSim-2] XSim::Compile design
INFO: [USF-XSim-61] Executing 'COMPILE and ANALYZE' step in 'E:/School Backup/FinalProject/FinalProject.sim/sim_1/behav/xsim'
"xvlog --incr --relax -L uvm -prj top_vlog.prj"
INFO: [VRFC 10-2263] Analyzing SystemVerilog file "E:/School Backup/FinalProject/FinalProject.srcs/sources_1/new/Execution.sv" into library xil_defaultlib
INFO: [VRFC 10-311] analyzing module Execution
INFO: [VRFC 10-2263] Analyzing SystemVerilog file "E:/School Backup/FinalProject/FinalProject.srcs/sources_1/new/InstructionMemory.sv" into library xil_defaultlib
INFO: [VRFC 10-311] analyzing module InstructionMemory
INFO: [VRFC 10-2263] Analyzing SystemVerilog file "E:/School Backup/FinalProject/FinalProject.srcs/sources_1/new/Integer_alu.sv" into library xil_defaultlib
INFO: [VRFC 10-311] analyzing module Integer_alu
INFO: [VRFC 10-2263] Analyzing SystemVerilog file "E:/School Backup/FinalProject/FinalProject.srcs/sources_1/new/MainMemory.sv" into library xil_defaultlib
INFO: [VRFC 10-311] analyzing module MainMemory
INFO: [VRFC 10-2263] Analyzing SystemVerilog file "E:/School Backup/FinalProject/FinalProject.srcs/sources_1/new/Matrix_alu.sv" into library xil_defaultlib
INFO: [VRFC 10-311] analyzing module Matrix_alu
INFO: [VRFC 10-2263] Analyzing SystemVerilog file "E:/School Backup/FinalProject/FinalProject.srcs/sources_1/new/TestMem.sv" into library xil_defaultlib
INFO: [VRFC 10-311] analyzing module TestMem
INFO: [VRFC 10-2263] Analyzing SystemVerilog file "E:/School Backup/FinalProject/FinalProject.srcs/sources_1/new/Top.sv" into library xil_defaultlib
INFO: [VRFC 10-311] analyzing module top
INFO: [USF-XSim-69] 'compile' step finished in '2' seconds
INFO: [USF-XSim-3] XSim::Elaborate design
INFO: [USF-XSim-61] Executing 'ELABORATE' step in 'E:/School Backup/FinalProject/FinalProject.sim/sim_1/behav/xsim'
"xelab --incr --debug typical --relax --mt 2 -L xil_defaultlib -L uvm -L unisims_ver -L unimacro_ver -L secureip --snapshot top_behav xil_defaultlib.top xil_defaultlib.glbl -log elaborate.log"
Vivado Simulator v2025.2.1
Copyright 1986-2022 Xilinx, Inc. All Rights Reserved.
Copyright 2022-2025 Advanced Micro Devices, Inc. All Rights Reserved.
Running: C:/AMDDesignTools/2025.2.1/Vivado/bin/unwrapped/win64.o/xelab.exe --incr --debug typical --relax --mt 2 -L xil_defaultlib -L uvm -L unisims_ver -L unimacro_ver -L secureip --snapshot top_behav xil_defaultlib.top xil_defaultlib.glbl -log elaborate.log 
Using 2 slave threads.
Starting static elaboration
Pass Through NonSizing Optimizer
WARNING: [VRFC 10-3091] actual bit length 256 differs from formal bit length 32 for port 'Dataout' [E:/School Backup/FinalProject/FinalProject.srcs/sources_1/new/Top.sv:49]
WARNING: [VRFC 10-3091] actual bit length 16 differs from formal bit length 32 for port 'address' [E:/School Backup/FinalProject/FinalProject.srcs/sources_1/new/Top.sv:53]
WARNING: [VRFC 10-3091] actual bit length 16 differs from formal bit length 32 for port 'address' [E:/School Backup/FinalProject/FinalProject.srcs/sources_1/new/Top.sv:55]
WARNING: [VRFC 10-3091] actual bit length 16 differs from formal bit length 32 for port 'address' [E:/School Backup/FinalProject/FinalProject.srcs/sources_1/new/Top.sv:57]
WARNING: [VRFC 10-3823] variable 'Done' might have multiple concurrent drivers [E:/School Backup/FinalProject/FinalProject.srcs/sources_1/new/Top.sv:57]
Completed static elaboration
Starting simulation data flow analysis
WARNING: [XSIM 43-4099] "E:/School Backup/FinalProject/FinalProject.srcs/sources_1/new/Top.sv" Line 41. Module top doesn't have a timescale but at least one module in design has a timescale.
WARNING: [XSIM 43-4099] "E:/School Backup/FinalProject/FinalProject.srcs/sources_1/new/InstructionMemory.sv" Line 99. Module InstructionMemory doesn't have a timescale but at least one module in design has a timescale.
WARNING: [XSIM 43-4099] "E:/School Backup/FinalProject/FinalProject.srcs/sources_1/new/MainMemory.sv" Line 60. Module MainMemory doesn't have a timescale but at least one module in design has a timescale.
WARNING: [XSIM 43-4099] "E:/School Backup/FinalProject/FinalProject.srcs/sources_1/new/Execution.sv" Line 3. Module Execution doesn't have a timescale but at least one module in design has a timescale.
WARNING: [XSIM 43-4099] "E:/School Backup/FinalProject/FinalProject.srcs/sources_1/new/Matrix_alu.sv" Line 4. Module Matrix_alu doesn't have a timescale but at least one module in design has a timescale.
WARNING: [XSIM 43-4099] "E:/School Backup/FinalProject/FinalProject.srcs/sources_1/new/Integer_alu.sv" Line 4. Module Integer_alu doesn't have a timescale but at least one module in design has a timescale.
WARNING: [XSIM 43-4099] "E:/School Backup/FinalProject/FinalProject.srcs/sources_1/new/TestMem.sv" Line 3. Module TestMem doesn't have a timescale but at least one module in design has a timescale.
Completed simulation data flow analysis
Time Resolution for simulation is 1ps
Compiling module xil_defaultlib.InstructionMemory
Compiling module xil_defaultlib.MainMemory
Compiling module xil_defaultlib.Execution
Compiling module xil_defaultlib.Matrix_alu
Compiling module xil_defaultlib.Integer_alu
Compiling module xil_defaultlib.TestMem
Compiling module xil_defaultlib.top
Compiling module xil_defaultlib.glbl
Built simulation snapshot top_behav
INFO: [USF-XSim-69] 'elaborate' step finished in '2' seconds
INFO: [USF-XSim-4] XSim::Simulate design
INFO: [USF-XSim-61] Executing 'SIMULATE' step in 'E:/School Backup/FinalProject/FinalProject.sim/sim_1/behav/xsim'
INFO: [USF-XSim-98] *** Running xsim
   with args "top_behav -key {Behavioral:sim_1:Functional:top} -tclbatch {top.tcl} -view {{E:/School Backup/FinalProject/top_behav.wcfg}} -log {simulate.log}"
INFO: [USF-XSim-8] Loading simulator feature
Time resolution is 1 ps
open_wave_config {E:/School Backup/FinalProject/top_behav.wcfg}
source top.tcl
# set curr_wave [current_wave_config]
# if { [string length $curr_wave] == 0 } {
#   if { [llength [get_objects]] > 0} {
#     add_wave /
#     set_property needs_save false [current_wave_config]
#   } else {
#      send_msg_id Add_Wave-1 WARNING "No top level signals found. Simulator will start without a wave window. If you want to open a wave window go to 'File->New Waveform Configuration' or type 'create_wave_config' in the TCL console."
#   }
# }
# run 1000ns
INFO: [USF-XSim-96] XSim completed. Design snapshot 'top_behav' loaded.
INFO: [USF-XSim-97] XSim simulation ran for 1000ns
launch_simulation: Time (s): cpu = 00:00:02 ; elapsed = 00:00:05 . Memory (MB): peak = 1862.766 ; gain = 0.000
run 10 us
memory location 0 = 000900060008000d0008000300050009000b000900100007000c0005000e0006
memory location 1 = 0007000500070009000c0008000e000700100009000f0008000c000700090006
memory location 2 = 0010000b000f00160014000b00130010001b0012001f000f0018000c0017000c
memory location 3 = 003f002a0038005b003800150023003f004d003f00700031005400230062002a
memory location 4 = 003600240030004e00300012001e0036004200360060002a0048001e00540024
memory location 5 = 00100014001b0018000b000b0012000c000f0013001f001700160010000f000c
memory location 6 = 0e700e34129c0eb80a2c0a200d200a920fae113a18d810500dce0f6615fc1164
memory location 7 = 0000000000000000000000000000000000000000000000000000000000000000
memory location 8 = 0000000000000000000000000000000000000000000000000000000000000000
memory location 9 = 0000000000000000000000000000000000000000000000000000000000000000
memory location 10 = Xea0f148ff80ee38c240c780bc90cd689bc0a8706f2061583e20380024c007e0
memory location 11 = 000000000000000000000000000000000000000000000000000000000000000c
memory location 12 = xxxxxxxxxxxxxxxxxxxxxxxxxxxxxxxxxxxxxxxxxxxxxxxxxxxxxxxxxxxxxxxx
memory location 13 = 0000000000000000000000000000000000000000000000000000000000000000
Imternal Reg location 0 = 0000000000000000000000000000000000000000000000000000000000000013
Internal reg location 1 = 01f8015001c002d801c000a8011801f8026801f80380018802a0011803100150
Internal reg location 2 = xxxxxxxxxxxxxxxxxxxxxxxxxxxxxxxxxxxxxxxxxxxxxxxxxxxxxxxxxxxxxxxx
Internal reg location 3 = 0000000000000000000000000000000000000000000000000000000000000000
memory location 0 is Correct
memory location 1 is Correct
memory location 2 is Correct
memory location 3 is Correct
memory location 4 is Correct
memory location 5 is Correct
memory location 6 is Wrong
memory location 7 is Correct
memory location 8 is Correct
memory location 9 is Correct
memory location 10 is Wrong
memory location 11 is Correct
memory location 12 is Wrong
Interal reg location 0 is Correct
Internal Reg location 1 is Correct
Internal Register 2 is Wrong
********************************************
 Project did not return the proper values
********************************************
$stop called at time : 6230 ns : File "E:/School Backup/FinalProject/FinalProject.srcs/sources_1/new/Execution.sv" Line 70
close_sim
INFO: [Simtcl 6-16] Simulation closed
launch_simulation
Command: launch_simulation 
INFO: [Vivado 12-25911] Executing simulation for 'XSim' simulator
INFO: [Vivado 12-28535] Process started - Mon May 18 16:09:53 2026

INFO: [Vivado 12-12493] Simulation top is 'top'
INFO: [Vivado 12-5682] Launching behavioral simulation in 'E:/School Backup/FinalProject/FinalProject.sim/sim_1/behav/xsim'
INFO: [SIM-utils-51] Simulation object is 'sim_1'
INFO: [SIM-utils-72] Using boost library from 'C:/AMDDesignTools/2025.2.1/Vivado/tps/boost_1_72_0'
INFO: [SIM-utils-54] Inspecting design source files for 'top' in fileset 'sim_1'...
INFO: [USF-XSim-97] Finding global include files...
INFO: [USF-XSim-98] Fetching design files from 'sim_1'...
INFO: [USF-XSim-2] XSim::Compile design
INFO: [USF-XSim-61] Executing 'COMPILE and ANALYZE' step in 'E:/School Backup/FinalProject/FinalProject.sim/sim_1/behav/xsim'
"xvlog --incr --relax -L uvm -prj top_vlog.prj"
INFO: [VRFC 10-2263] Analyzing SystemVerilog file "E:/School Backup/FinalProject/FinalProject.srcs/sources_1/new/Execution.sv" into library xil_defaultlib
INFO: [VRFC 10-311] analyzing module Execution
INFO: [VRFC 10-2263] Analyzing SystemVerilog file "E:/School Backup/FinalProject/FinalProject.srcs/sources_1/new/InstructionMemory.sv" into library xil_defaultlib
INFO: [VRFC 10-311] analyzing module InstructionMemory
INFO: [VRFC 10-2263] Analyzing SystemVerilog file "E:/School Backup/FinalProject/FinalProject.srcs/sources_1/new/Integer_alu.sv" into library xil_defaultlib
INFO: [VRFC 10-311] analyzing module Integer_alu
INFO: [VRFC 10-2263] Analyzing SystemVerilog file "E:/School Backup/FinalProject/FinalProject.srcs/sources_1/new/MainMemory.sv" into library xil_defaultlib
INFO: [VRFC 10-311] analyzing module MainMemory
INFO: [VRFC 10-2263] Analyzing SystemVerilog file "E:/School Backup/FinalProject/FinalProject.srcs/sources_1/new/Matrix_alu.sv" into library xil_defaultlib
INFO: [VRFC 10-311] analyzing module Matrix_alu
INFO: [VRFC 10-2263] Analyzing SystemVerilog file "E:/School Backup/FinalProject/FinalProject.srcs/sources_1/new/TestMem.sv" into library xil_defaultlib
INFO: [VRFC 10-311] analyzing module TestMem
INFO: [VRFC 10-2263] Analyzing SystemVerilog file "E:/School Backup/FinalProject/FinalProject.srcs/sources_1/new/Top.sv" into library xil_defaultlib
INFO: [VRFC 10-311] analyzing module top
INFO: [USF-XSim-69] 'compile' step finished in '1' seconds
INFO: [USF-XSim-3] XSim::Elaborate design
INFO: [USF-XSim-61] Executing 'ELABORATE' step in 'E:/School Backup/FinalProject/FinalProject.sim/sim_1/behav/xsim'
"xelab --incr --debug typical --relax --mt 2 -L xil_defaultlib -L uvm -L unisims_ver -L unimacro_ver -L secureip --snapshot top_behav xil_defaultlib.top xil_defaultlib.glbl -log elaborate.log"
Vivado Simulator v2025.2.1
Copyright 1986-2022 Xilinx, Inc. All Rights Reserved.
Copyright 2022-2025 Advanced Micro Devices, Inc. All Rights Reserved.
Running: C:/AMDDesignTools/2025.2.1/Vivado/bin/unwrapped/win64.o/xelab.exe --incr --debug typical --relax --mt 2 -L xil_defaultlib -L uvm -L unisims_ver -L unimacro_ver -L secureip --snapshot top_behav xil_defaultlib.top xil_defaultlib.glbl -log elaborate.log 
Using 2 slave threads.
Starting static elaboration
Pass Through NonSizing Optimizer
WARNING: [VRFC 10-3091] actual bit length 256 differs from formal bit length 32 for port 'Dataout' [E:/School Backup/FinalProject/FinalProject.srcs/sources_1/new/Top.sv:49]
WARNING: [VRFC 10-3091] actual bit length 16 differs from formal bit length 32 for port 'address' [E:/School Backup/FinalProject/FinalProject.srcs/sources_1/new/Top.sv:53]
WARNING: [VRFC 10-3091] actual bit length 16 differs from formal bit length 32 for port 'address' [E:/School Backup/FinalProject/FinalProject.srcs/sources_1/new/Top.sv:55]
WARNING: [VRFC 10-3091] actual bit length 16 differs from formal bit length 32 for port 'address' [E:/School Backup/FinalProject/FinalProject.srcs/sources_1/new/Top.sv:57]
WARNING: [VRFC 10-3823] variable 'Done' might have multiple concurrent drivers [E:/School Backup/FinalProject/FinalProject.srcs/sources_1/new/Top.sv:57]
Completed static elaboration
Starting simulation data flow analysis
WARNING: [XSIM 43-4099] "E:/School Backup/FinalProject/FinalProject.srcs/sources_1/new/Top.sv" Line 41. Module top doesn't have a timescale but at least one module in design has a timescale.
WARNING: [XSIM 43-4099] "E:/School Backup/FinalProject/FinalProject.srcs/sources_1/new/InstructionMemory.sv" Line 99. Module InstructionMemory doesn't have a timescale but at least one module in design has a timescale.
WARNING: [XSIM 43-4099] "E:/School Backup/FinalProject/FinalProject.srcs/sources_1/new/MainMemory.sv" Line 60. Module MainMemory doesn't have a timescale but at least one module in design has a timescale.
WARNING: [XSIM 43-4099] "E:/School Backup/FinalProject/FinalProject.srcs/sources_1/new/Execution.sv" Line 3. Module Execution doesn't have a timescale but at least one module in design has a timescale.
WARNING: [XSIM 43-4099] "E:/School Backup/FinalProject/FinalProject.srcs/sources_1/new/Matrix_alu.sv" Line 4. Module Matrix_alu doesn't have a timescale but at least one module in design has a timescale.
WARNING: [XSIM 43-4099] "E:/School Backup/FinalProject/FinalProject.srcs/sources_1/new/Integer_alu.sv" Line 4. Module Integer_alu doesn't have a timescale but at least one module in design has a timescale.
WARNING: [XSIM 43-4099] "E:/School Backup/FinalProject/FinalProject.srcs/sources_1/new/TestMem.sv" Line 3. Module TestMem doesn't have a timescale but at least one module in design has a timescale.
Completed simulation data flow analysis
Time Resolution for simulation is 1ps
Compiling module xil_defaultlib.InstructionMemory
Compiling module xil_defaultlib.MainMemory
Compiling module xil_defaultlib.Execution
Compiling module xil_defaultlib.Matrix_alu
Compiling module xil_defaultlib.Integer_alu
Compiling module xil_defaultlib.TestMem
Compiling module xil_defaultlib.top
Compiling module xil_defaultlib.glbl
Built simulation snapshot top_behav
INFO: [USF-XSim-69] 'elaborate' step finished in '2' seconds
INFO: [USF-XSim-4] XSim::Simulate design
INFO: [USF-XSim-61] Executing 'SIMULATE' step in 'E:/School Backup/FinalProject/FinalProject.sim/sim_1/behav/xsim'
INFO: [USF-XSim-98] *** Running xsim
   with args "top_behav -key {Behavioral:sim_1:Functional:top} -tclbatch {top.tcl} -view {{E:/School Backup/FinalProject/top_behav.wcfg}} -log {simulate.log}"
INFO: [USF-XSim-8] Loading simulator feature
Time resolution is 1 ps
open_wave_config {E:/School Backup/FinalProject/top_behav.wcfg}
source top.tcl
# set curr_wave [current_wave_config]
# if { [string length $curr_wave] == 0 } {
#   if { [llength [get_objects]] > 0} {
#     add_wave /
#     set_property needs_save false [current_wave_config]
#   } else {
#      send_msg_id Add_Wave-1 WARNING "No top level signals found. Simulator will start without a wave window. If you want to open a wave window go to 'File->New Waveform Configuration' or type 'create_wave_config' in the TCL console."
#   }
# }
# run 1000ns
INFO: [USF-XSim-96] XSim completed. Design snapshot 'top_behav' loaded.
INFO: [USF-XSim-97] XSim simulation ran for 1000ns
run 10 us
memory location 0 = 000900060008000d0008000300050009000b000900100007000c0005000e0006
memory location 1 = 0007000500070009000c0008000e000700100009000f0008000c000700090006
memory location 2 = 0010000b000f00160014000b00130010001b0012001f000f0018000c0017000c
memory location 3 = 003f002a0038005b003800150023003f004d003f00700031005400230062002a
memory location 4 = 003600240030004e00300012001e0036004200360060002a0048001e00540024
memory location 5 = 00100014001b0018000b000b0012000c000f0013001f001700160010000f000c
memory location 6 = 0e700e34129c0eb80a2c0a200d200a920fae113a18d810500dce0f6615fc1164
memory location 7 = 0000000000000000000000000000000000000000000000000000000000000000
memory location 8 = 0000000000000000000000000000000000000000000000000000000000000000
memory location 9 = 0000000000000000000000000000000000000000000000000000000000000000
memory location 10 = Xea0f148ff80ee38c240c780bc90cd689bc0a8706f2061583e20380024c007e0
memory location 11 = 000000000000000000000000000000000000000000000000000000000000000c
memory location 12 = xxxxxxxxxxxxxxxxxxxxxxxxxxxxxxxxxxxxxxxxxxxxxxxxxxxxxxxxxxxxxxxx
memory location 13 = 0000000000000000000000000000000000000000000000000000000000000000
Imternal Reg location 0 = 0000000000000000000000000000000000000000000000000000000000000013
Internal reg location 1 = 01f8015001c002d801c000a8011801f8026801f80380018802a0011803100150
Internal reg location 2 = xxxxxxxxxxxxxxxxxxxxxxxxxxxxxxxxxxxxxxxxxxxxxxxxxxxxxxxxxxxxxxxx
Internal reg location 3 = 0000000000000000000000000000000000000000000000000000000000000000
memory location 0 is Correct
memory location 1 is Correct
memory location 2 is Correct
memory location 3 is Correct
memory location 4 is Correct
memory location 5 is Correct
memory location 6 is Wrong
memory location 7 is Correct
memory location 8 is Correct
memory location 9 is Correct
memory location 10 is Wrong
memory location 11 is Correct
memory location 12 is Wrong
Interal reg location 0 is Correct
Internal Reg location 1 is Correct
Internal Register 2 is Wrong
********************************************
 Project did not return the proper values
********************************************
$stop called at time : 6230 ns : File "E:/School Backup/FinalProject/FinalProject.srcs/sources_1/new/Execution.sv" Line 70
WARNING: [filemgmt 56-199] Attempt to get parsing info during refresh. "On-the-fly" syntax checking information may be incorrect. [E:\School Backup\FinalProject\FinalProject.srcs\sources_1\new\Execution.sv:]
WARNING: [filemgmt 56-199] Attempt to get parsing info during refresh. "On-the-fly" syntax checking information may be incorrect. [E:\School Backup\FinalProject\FinalProject.srcs\sources_1\new\Top.sv:]
WARNING: [filemgmt 56-199] Attempt to get parsing info during refresh. "On-the-fly" syntax checking information may be incorrect. [E:\School Backup\FinalProject\FinalProject.srcs\sources_1\new\Integer_alu.sv:]
WARNING: [filemgmt 56-199] Attempt to get parsing info during refresh. "On-the-fly" syntax checking information may be incorrect. [E:\School Backup\FinalProject\FinalProject.srcs\sources_1\new\params.vh:]
WARNING: [filemgmt 56-199] Attempt to get parsing info during refresh. "On-the-fly" syntax checking information may be incorrect. [E:\School Backup\FinalProject\FinalProject.srcs\sources_1\new\InstructionMemory.sv:]
WARNING: [filemgmt 56-199] Attempt to get parsing info during refresh. "On-the-fly" syntax checking information may be incorrect. [E:\School Backup\FinalProject\FinalProject.srcs\sources_1\new\Execution.sv:]
WARNING: [filemgmt 56-199] Attempt to get parsing info during refresh. "On-the-fly" syntax checking information may be incorrect. [E:\School Backup\FinalProject\FinalProject.srcs\sources_1\new\Execution.sv:]
WARNING: [filemgmt 56-199] Attempt to get parsing info during refresh. "On-the-fly" syntax checking information may be incorrect. [E:\School Backup\FinalProject\FinalProject.srcs\sources_1\new\Execution.sv:]
WARNING: [filemgmt 56-199] Attempt to get parsing info during refresh. "On-the-fly" syntax checking information may be incorrect. [E:\School Backup\FinalProject\FinalProject.srcs\sources_1\new\Top.sv:]
WARNING: [filemgmt 56-199] Attempt to get parsing info during refresh. "On-the-fly" syntax checking information may be incorrect. [E:\School Backup\FinalProject\FinalProject.srcs\sources_1\new\Integer_alu.sv:]
WARNING: [filemgmt 56-199] Attempt to get parsing info during refresh. "On-the-fly" syntax checking information may be incorrect. [E:\School Backup\FinalProject\FinalProject.srcs\sources_1\new\params.vh:]
WARNING: [filemgmt 56-199] Attempt to get parsing info during refresh. "On-the-fly" syntax checking information may be incorrect. [E:\School Backup\FinalProject\FinalProject.srcs\sources_1\new\InstructionMemory.sv:]
WARNING: [filemgmt 56-199] Attempt to get parsing info during refresh. "On-the-fly" syntax checking information may be incorrect. [E:\School Backup\FinalProject\FinalProject.srcs\sources_1\new\params.vh:]
WARNING: [filemgmt 56-199] Attempt to get parsing info during refresh. "On-the-fly" syntax checking information may be incorrect. [E:\School Backup\FinalProject\FinalProject.srcs\sources_1\new\params.vh:]
WARNING: [filemgmt 56-199] Attempt to get parsing info during refresh. "On-the-fly" syntax checking information may be incorrect. [E:\School Backup\FinalProject\FinalProject.srcs\sources_1\new\Execution.sv:]
WARNING: [filemgmt 56-199] Attempt to get parsing info during refresh. "On-the-fly" syntax checking information may be incorrect. [E:\School Backup\FinalProject\FinalProject.srcs\sources_1\new\Top.sv:]
WARNING: [filemgmt 56-199] Attempt to get parsing info during refresh. "On-the-fly" syntax checking information may be incorrect. [E:\School Backup\FinalProject\FinalProject.srcs\sources_1\new\Integer_alu.sv:]
WARNING: [filemgmt 56-199] Attempt to get parsing info during refresh. "On-the-fly" syntax checking information may be incorrect. [E:\School Backup\FinalProject\FinalProject.srcs\sources_1\new\params.vh:]
WARNING: [filemgmt 56-199] Attempt to get parsing info during refresh. "On-the-fly" syntax checking information may be incorrect. [E:\School Backup\FinalProject\FinalProject.srcs\sources_1\new\InstructionMemory.sv:]
WARNING: [filemgmt 56-199] Attempt to get parsing info during refresh. "On-the-fly" syntax checking information may be incorrect. [E:\School Backup\FinalProject\FinalProject.srcs\sources_1\new\Integer_alu.sv:]
WARNING: [filemgmt 56-199] Attempt to get parsing info during refresh. "On-the-fly" syntax checking information may be incorrect. [E:\School Backup\FinalProject\FinalProject.srcs\sources_1\new\Integer_alu.sv:]
close_sim
INFO: [Simtcl 6-16] Simulation closed
launch_simulation
Command: launch_simulation 
INFO: [Vivado 12-25911] Executing simulation for 'XSim' simulator
INFO: [Vivado 12-28535] Process started - Mon May 18 16:10:35 2026

INFO: [Vivado 12-12493] Simulation top is 'top'
INFO: [Vivado 12-5682] Launching behavioral simulation in 'E:/School Backup/FinalProject/FinalProject.sim/sim_1/behav/xsim'
INFO: [SIM-utils-51] Simulation object is 'sim_1'
INFO: [SIM-utils-72] Using boost library from 'C:/AMDDesignTools/2025.2.1/Vivado/tps/boost_1_72_0'
INFO: [SIM-utils-54] Inspecting design source files for 'top' in fileset 'sim_1'...
INFO: [USF-XSim-97] Finding global include files...
INFO: [USF-XSim-98] Fetching design files from 'sim_1'...
INFO: [USF-XSim-2] XSim::Compile design
INFO: [USF-XSim-61] Executing 'COMPILE and ANALYZE' step in 'E:/School Backup/FinalProject/FinalProject.sim/sim_1/behav/xsim'
"xvlog --incr --relax -L uvm -prj top_vlog.prj"
INFO: [VRFC 10-2263] Analyzing SystemVerilog file "E:/School Backup/FinalProject/FinalProject.srcs/sources_1/new/Execution.sv" into library xil_defaultlib
INFO: [VRFC 10-311] analyzing module Execution
INFO: [VRFC 10-2263] Analyzing SystemVerilog file "E:/School Backup/FinalProject/FinalProject.srcs/sources_1/new/InstructionMemory.sv" into library xil_defaultlib
INFO: [VRFC 10-311] analyzing module InstructionMemory
INFO: [VRFC 10-2263] Analyzing SystemVerilog file "E:/School Backup/FinalProject/FinalProject.srcs/sources_1/new/Integer_alu.sv" into library xil_defaultlib
INFO: [VRFC 10-311] analyzing module Integer_alu
INFO: [VRFC 10-2263] Analyzing SystemVerilog file "E:/School Backup/FinalProject/FinalProject.srcs/sources_1/new/MainMemory.sv" into library xil_defaultlib
INFO: [VRFC 10-311] analyzing module MainMemory
INFO: [VRFC 10-2263] Analyzing SystemVerilog file "E:/School Backup/FinalProject/FinalProject.srcs/sources_1/new/Matrix_alu.sv" into library xil_defaultlib
INFO: [VRFC 10-311] analyzing module Matrix_alu
INFO: [VRFC 10-2263] Analyzing SystemVerilog file "E:/School Backup/FinalProject/FinalProject.srcs/sources_1/new/TestMem.sv" into library xil_defaultlib
INFO: [VRFC 10-311] analyzing module TestMem
INFO: [VRFC 10-2263] Analyzing SystemVerilog file "E:/School Backup/FinalProject/FinalProject.srcs/sources_1/new/Top.sv" into library xil_defaultlib
INFO: [VRFC 10-311] analyzing module top
INFO: [USF-XSim-69] 'compile' step finished in '1' seconds
INFO: [USF-XSim-3] XSim::Elaborate design
INFO: [USF-XSim-61] Executing 'ELABORATE' step in 'E:/School Backup/FinalProject/FinalProject.sim/sim_1/behav/xsim'
"xelab --incr --debug typical --relax --mt 2 -L xil_defaultlib -L uvm -L unisims_ver -L unimacro_ver -L secureip --snapshot top_behav xil_defaultlib.top xil_defaultlib.glbl -log elaborate.log"
Vivado Simulator v2025.2.1
Copyright 1986-2022 Xilinx, Inc. All Rights Reserved.
Copyright 2022-2025 Advanced Micro Devices, Inc. All Rights Reserved.
Running: C:/AMDDesignTools/2025.2.1/Vivado/bin/unwrapped/win64.o/xelab.exe --incr --debug typical --relax --mt 2 -L xil_defaultlib -L uvm -L unisims_ver -L unimacro_ver -L secureip --snapshot top_behav xil_defaultlib.top xil_defaultlib.glbl -log elaborate.log 
Using 2 slave threads.
Starting static elaboration
Pass Through NonSizing Optimizer
WARNING: [VRFC 10-3091] actual bit length 256 differs from formal bit length 32 for port 'Dataout' [E:/School Backup/FinalProject/FinalProject.srcs/sources_1/new/Top.sv:49]
WARNING: [VRFC 10-3091] actual bit length 1 differs from formal bit length 32 for port 'address' [E:/School Backup/FinalProject/FinalProject.srcs/sources_1/new/Top.sv:53]
WARNING: [VRFC 10-3091] actual bit length 16 differs from formal bit length 32 for port 'address' [E:/School Backup/FinalProject/FinalProject.srcs/sources_1/new/Top.sv:55]
WARNING: [VRFC 10-3091] actual bit length 16 differs from formal bit length 32 for port 'address' [E:/School Backup/FinalProject/FinalProject.srcs/sources_1/new/Top.sv:57]
ERROR: [VRFC 10-8616] 'Execution' requires 6 arguments [E:/School Backup/FinalProject/FinalProject.srcs/sources_1/new/Top.sv:53]
WARNING: [VRFC 10-3823] variable 'Done' might have multiple concurrent drivers [E:/School Backup/FinalProject/FinalProject.srcs/sources_1/new/Top.sv:55]
WARNING: [VRFC 10-3823] variable 'Done' might have multiple concurrent drivers [E:/School Backup/FinalProject/FinalProject.srcs/sources_1/new/Top.sv:57]
ERROR: [XSIM 43-3322] Static elaboration of top level Verilog design unit(s) in library work failed.
INFO: [USF-XSim-69] 'elaborate' step finished in '1' seconds
INFO: [USF-XSim-99] Step results log file:'E:/School Backup/FinalProject/FinalProject.sim/sim_1/behav/xsim/elaborate.log'
ERROR: [USF-XSim-62] 'elaborate' step failed with error(s). Please check the Tcl console output or 'E:/School Backup/FinalProject/FinalProject.sim/sim_1/behav/xsim/elaborate.log' file for more information.
ERROR: [Vivado 12-4473] Detected error while running simulation. Please correct the issue and retry this operation.
ERROR: [Common 17-39] 'launch_simulation' failed due to earlier errors.
launch_simulation
Command: launch_simulation 
INFO: [Vivado 12-25911] Executing simulation for 'XSim' simulator
INFO: [Vivado 12-28535] Process started - Mon May 18 16:10:42 2026

INFO: [Vivado 12-12493] Simulation top is 'top'
INFO: [Vivado 12-5682] Launching behavioral simulation in 'E:/School Backup/FinalProject/FinalProject.sim/sim_1/behav/xsim'
INFO: [SIM-utils-51] Simulation object is 'sim_1'
INFO: [SIM-utils-72] Using boost library from 'C:/AMDDesignTools/2025.2.1/Vivado/tps/boost_1_72_0'
INFO: [SIM-utils-54] Inspecting design source files for 'top' in fileset 'sim_1'...
INFO: [USF-XSim-97] Finding global include files...
INFO: [USF-XSim-98] Fetching design files from 'sim_1'...
INFO: [USF-XSim-2] XSim::Compile design
INFO: [USF-XSim-61] Executing 'COMPILE and ANALYZE' step in 'E:/School Backup/FinalProject/FinalProject.sim/sim_1/behav/xsim'
"xvlog --incr --relax -L uvm -prj top_vlog.prj"
INFO: [USF-XSim-69] 'compile' step finished in '1' seconds
INFO: [USF-XSim-3] XSim::Elaborate design
INFO: [USF-XSim-61] Executing 'ELABORATE' step in 'E:/School Backup/FinalProject/FinalProject.sim/sim_1/behav/xsim'
"xelab --incr --debug typical --relax --mt 2 -L xil_defaultlib -L uvm -L unisims_ver -L unimacro_ver -L secureip --snapshot top_behav xil_defaultlib.top xil_defaultlib.glbl -log elaborate.log"
Vivado Simulator v2025.2.1
Copyright 1986-2022 Xilinx, Inc. All Rights Reserved.
Copyright 2022-2025 Advanced Micro Devices, Inc. All Rights Reserved.
Running: C:/AMDDesignTools/2025.2.1/Vivado/bin/unwrapped/win64.o/xelab.exe --incr --debug typical --relax --mt 2 -L xil_defaultlib -L uvm -L unisims_ver -L unimacro_ver -L secureip --snapshot top_behav xil_defaultlib.top xil_defaultlib.glbl -log elaborate.log 
Using 2 slave threads.
Starting static elaboration
Pass Through NonSizing Optimizer
WARNING: [VRFC 10-3091] actual bit length 256 differs from formal bit length 32 for port 'Dataout' [E:/School Backup/FinalProject/FinalProject.srcs/sources_1/new/Top.sv:49]
WARNING: [VRFC 10-3091] actual bit length 1 differs from formal bit length 32 for port 'address' [E:/School Backup/FinalProject/FinalProject.srcs/sources_1/new/Top.sv:53]
WARNING: [VRFC 10-3091] actual bit length 16 differs from formal bit length 32 for port 'address' [E:/School Backup/FinalProject/FinalProject.srcs/sources_1/new/Top.sv:55]
WARNING: [VRFC 10-3091] actual bit length 16 differs from formal bit length 32 for port 'address' [E:/School Backup/FinalProject/FinalProject.srcs/sources_1/new/Top.sv:57]
ERROR: [VRFC 10-8616] 'Execution' requires 6 arguments [E:/School Backup/FinalProject/FinalProject.srcs/sources_1/new/Top.sv:53]
WARNING: [VRFC 10-3823] variable 'Done' might have multiple concurrent drivers [E:/School Backup/FinalProject/FinalProject.srcs/sources_1/new/Top.sv:55]
WARNING: [VRFC 10-3823] variable 'Done' might have multiple concurrent drivers [E:/School Backup/FinalProject/FinalProject.srcs/sources_1/new/Top.sv:57]
ERROR: [XSIM 43-3322] Static elaboration of top level Verilog design unit(s) in library work failed.
INFO: [USF-XSim-69] 'elaborate' step finished in '1' seconds
INFO: [USF-XSim-99] Step results log file:'E:/School Backup/FinalProject/FinalProject.sim/sim_1/behav/xsim/elaborate.log'
ERROR: [USF-XSim-62] 'elaborate' step failed with error(s). Please check the Tcl console output or 'E:/School Backup/FinalProject/FinalProject.sim/sim_1/behav/xsim/elaborate.log' file for more information.
ERROR: [Vivado 12-4473] Detected error while running simulation. Please correct the issue and retry this operation.
ERROR: [Common 17-39] 'launch_simulation' failed due to earlier errors.
exit
INFO: [Common 17-206] Exiting Vivado at Mon May 18 16:11:08 2026...
