Vivado Simulator v2025.2.1
Copyright 1986-2022 Xilinx, Inc. All Rights Reserved.
Copyright 2022-2025 Advanced Micro Devices, Inc. All Rights Reserved.
Running: C:/AMDDesignTools/2025.2.1/Vivado/bin/unwrapped/win64.o/xelab.exe --incr --debug typical --relax --mt 2 -L xil_defaultlib -L uvm -L unisims_ver -L unimacro_ver -L secureip --snapshot top_behav xil_defaultlib.top xil_defaultlib.glbl -log elaborate.log 
Using 2 slave threads.
Starting static elaboration
Pass Through NonSizing Optimizer
WARNING: [VRFC 10-3091] actual bit length 256 differs from formal bit length 32 for port 'Dataout' [E:/School Backup/FinalProject/FinalProject.srcs/sources_1/new/Top.sv:49]
WARNING: [VRFC 10-3091] actual bit length 16 differs from formal bit length 32 for port 'address' [E:/School Backup/FinalProject/FinalProject.srcs/sources_1/new/Top.sv:54]
WARNING: [VRFC 10-3091] actual bit length 16 differs from formal bit length 32 for port 'address' [E:/School Backup/FinalProject/FinalProject.srcs/sources_1/new/Top.sv:56]
WARNING: [VRFC 10-3091] actual bit length 16 differs from formal bit length 32 for port 'address' [E:/School Backup/FinalProject/FinalProject.srcs/sources_1/new/Top.sv:58]
Completed static elaboration
Starting simulation data flow analysis
WARNING: [XSIM 43-4099] "E:/School Backup/FinalProject/FinalProject.srcs/sources_1/new/Top.sv" Line 41. Module top doesn't have a timescale but at least one module in design has a timescale.
WARNING: [XSIM 43-4099] "E:/School Backup/FinalProject/FinalProject.srcs/sources_1/new/InstructionMemory.sv" Line 99. Module InstructionMemory doesn't have a timescale but at least one module in design has a timescale.
WARNING: [XSIM 43-4099] "E:/School Backup/FinalProject/FinalProject.srcs/sources_1/new/MainMemory.sv" Line 66. Module MainMemory doesn't have a timescale but at least one module in design has a timescale.
WARNING: [XSIM 43-4099] "E:/School Backup/FinalProject/FinalProject.srcs/sources_1/new/ExecutionV1.sv" Line 1. Module Execution doesn't have a timescale but at least one module in design has a timescale.
WARNING: [XSIM 43-4099] "E:/School Backup/FinalProject/FinalProject.srcs/sources_1/new/Matrix_alu.sv" Line 4. Module Matrix_alu doesn't have a timescale but at least one module in design has a timescale.
WARNING: [XSIM 43-4099] "E:/School Backup/FinalProject/FinalProject.srcs/sources_1/new/Integer_alu.sv" Line 4. Module Integer_alu doesn't have a timescale but at least one module in design has a timescale.
WARNING: [XSIM 43-4099] "E:/School Backup/FinalProject/FinalProject.srcs/sources_1/new/TestMem.sv" Line 3. Module TestMem doesn't have a timescale but at least one module in design has a timescale.
Completed simulation data flow analysis
Time Resolution for simulation is 1ps
Compiling module xil_defaultlib.InstructionMemory
Compiling module xil_defaultlib.MainMemory
Compiling module xil_defaultlib.Execution
Compiling module xil_defaultlib.Matrix_alu
Compiling module xil_defaultlib.Integer_alu
Compiling module xil_defaultlib.TestMem
Compiling module xil_defaultlib.top
Compiling module xil_defaultlib.glbl
Built simulation snapshot top_behav
