Time resolution is 1 ps
memory location 0 = 000900060008000d0008000300050009000b000900100007000c0005000e0006
memory location 1 = 0007000500070009000c0008000e000700100009000f0008000c000700090006
memory location 2 = 0010000b000f00160014000b00130010001b0012001f000f0018000c0017000c
memory location 3 = 003f002a0038005b003800150023003f004d003f00700031005400230062002a
memory location 4 = 003600240030004e00300012001e0036004200360060002a0048001e00540024
memory location 5 = 00100014001b0018000b000b0012000c000f0013001f001700160010000f000c
memory location 6 = 0e700e34129c0eb80a2c0a200d200a920fae113a18d813500dce0f6615fc1164
memory location 7 = 0000000000000000000000000000000000000000000000000000000000000000
memory location 8 = 0000000000000000000000000000000000000000000000000000000000000000
memory location 9 = 0000000000000000000000000000000000000000000000000000000000000000
memory location 10 = 0508051f04b90504040b0450038303bb02e002b701f90191011f00c6008a0024
memory location 11 = 000000000000000000000000000000000000000000000000000000000000000c
memory location 12 = 0000000000000000000000000000000000000000000000000000000000000000
memory location 13 = 0000000000000000000000000000000000000000000000000000000000000000
Imternal Reg location 0 = 0000000000000000000000000000000000000000000000000000000000000013
Internal reg location 1 = 01f8015001c002d801c000a8011801f8026801f80380018802a0011803100150
Internal reg location 2 = 0501051a04b204fb03ff0448037503b402d002ae01ea0189011300bf0081001e
Internal reg location 3 = 0000000000000000000000000000000000000000000000000000000000000000
memory location 0 is Correct
memory location 1 is Correct
memory location 2 is Correct
memory location 3 is Correct
memory location 4 is Correct
memory location 5 is Correct
memory location 6 is Correct
memory location 7 is Correct
memory location 8 is Correct
memory location 9 is Correct
memory location 10 is Correct
memory location 11 is Correct
memory location 12 is Correct
Interal reg location 0 is Correct
Internal Reg location 1 is Correct
Internal Reg location 2 is Correct
********************************************
 Project PASSED memory check
********************************************
$stop called at time : 1625 ns : File "E:/School Backup/FinalProject/FinalProject.srcs/sources_1/new/ExecutionV1.sv" Line 54
